%!Adobe-FontList 1.24
%Locale:0x40c

%BeginFont
Handler:DirectoryHandler
FontType:Type1
FontName:SuisseEDUIntl-Book
FamilyName:Suisse EDU Int'l
StyleName:Book
FullName:Suisse EDU Int'l Book
MenuName:Suisse EDU Int'l Book
StyleBits:0
WritingScript:Roman
OutlineFileName:C:\fichiers\head\head-master\head-md1-future-of-drawing\head-md-future-of-drawing\presentations\2023-11-16\240117_HEAD-MD1_Caran-d-Ache_Schibler-Mathilde_Topos_Dossier\Document fonts\SuisseEDUIntl-Book.otf
DataFormat:sfntData
UsesStandardEncoding:yes
isCFF:yes
hasSVG:no
hasCOLR:no
VariableFontType:NonVariableFont
FileLength:55028
FileModTime:1634384130
WeightClass:450
WidthClass:5
AngleClass:0
NameArray:0,Mac,4,Suisse EDU Int'l Book
NameArray:0,Win,1,Suisse EDU Int'l Book
NameArray:0,Win,16,Suisse EDU Int'l
%EndFont

%BeginFont
Handler:DirectoryHandler
FontType:Type1
FontName:SuisseEDUIntl-Italic
FamilyName:Suisse EDU Int'l
StyleName:Italic
FullName:Suisse EDU Int'l Italic
MenuName:Suisse EDU Int'l Italic
StyleBits:0
WritingScript:Roman
OutlineFileName:C:\fichiers\head\head-master\head-md1-future-of-drawing\head-md-future-of-drawing\presentations\2023-11-16\240117_HEAD-MD1_Caran-d-Ache_Schibler-Mathilde_Topos_Dossier\Document fonts\SuisseEDUIntl-Italic.otf
DataFormat:sfntData
UsesStandardEncoding:yes
isCFF:yes
hasSVG:no
hasCOLR:no
VariableFontType:NonVariableFont
FileLength:56672
FileModTime:1634384130
WeightClass:400
WidthClass:5
AngleClass:1
NameArray:0,Mac,4,Suisse EDU Int'l Italic
NameArray:0,Win,1,Suisse EDU Int'l Italic
NameArray:0,Win,16,Suisse EDU Int'l
%EndFont

%BeginFont
Handler:DirectoryHandler
FontType:Type1
FontName:SuisseEDUIntl-Medium
FamilyName:Suisse EDU Int'l
StyleName:Medium
FullName:Suisse EDU Int'l Medium
MenuName:Suisse EDU Int'l Medium
StyleBits:0
WritingScript:Roman
OutlineFileName:C:\fichiers\head\head-master\head-md1-future-of-drawing\head-md-future-of-drawing\presentations\2023-11-16\240117_HEAD-MD1_Caran-d-Ache_Schibler-Mathilde_Topos_Dossier\Document fonts\SuisseEDUIntl-Medium.otf
DataFormat:sfntData
UsesStandardEncoding:yes
isCFF:yes
hasSVG:no
hasCOLR:no
VariableFontType:NonVariableFont
FileLength:53728
FileModTime:1634384130
WeightClass:500
WidthClass:5
AngleClass:0
NameArray:0,Mac,4,Suisse EDU Int'l Medium
NameArray:0,Win,1,Suisse EDU Int'l Medium
NameArray:0,Win,16,Suisse EDU Int'l
%EndFont

